// Jest Snapshot v1, https://goo.gl/fbAQLP

exports[`MarqueeBox MarqueeBox renders correctly 1`] = `
<div>
  <div
    class="max-w-120+50 bg-light-grey h-25+2 rounded-[20px] duration-[0.25s] cursor-pointer border-[1.5px] border-transparent transition-all hover:scale-105 hover:border-[1.5px] hover:border-dark-grey marquee-container"
    style="--pause-on-hover: running; --pause-on-click: running;"
  >
    <div
      class="overlay"
      style="--gradient-color: rgba([, 2, 5, 1), rgba([, 2, 5, 0); --gradient-width: 200px;"
    />
    <div
      class="marquee"
      style="--play: running; --direction: normal; --duration: 0s; --delay: 0s; --iteration-count: infinite;"
    >
      <h1
        class="flex items-center text-12+1 text-normal before:marquee-circle"
      >
        AVAILABLE FOR WORK
      </h1>
    </div>
    <div
      aria-hidden="true"
      class="marquee"
      style="--play: running; --direction: normal; --duration: 0s; --delay: 0s; --iteration-count: infinite;"
    >
      <h1
        class="flex items-center text-12+1 text-normal before:marquee-circle"
      >
        AVAILABLE FOR WORK
      </h1>
    </div>
  </div>
</div>
`;
